INFO:     Started server process [118950]
INFO:     Waiting for application startup.
INFO:     Application startup complete.
INFO:     Uvicorn running on http://0.0.0.0:8000 (Press CTRL+C to quit)
INFO:     127.0.0.1:34416 - "GET /api/v1/health HTTP/1.1" 200 OK
INFO:     127.0.0.1:39222 - "GET /api/v1/health HTTP/1.1" 200 OK
INFO:     127.0.0.1:46262 - "GET /api/v1/health HTTP/1.1" 200 OK
INFO:     127.0.0.1:43598 - "GET /api/v1/health HTTP/1.1" 200 OK
INFO:     127.0.0.1:44296 - "GET /api/v1/health HTTP/1.1" 200 OK
INFO:     127.0.0.1:50706 - "GET /api/v1/health HTTP/1.1" 200 OK
INFO:     127.0.0.1:48022 - "GET /api/v1/health HTTP/1.1" 200 OK
INFO:     127.0.0.1:35110 - "GET /api/v1/health HTTP/1.1" 200 OK
INFO:     127.0.0.1:58894 - "GET /api/v1/health HTTP/1.1" 200 OK
INFO:     127.0.0.1:50570 - "GET /api/v1/health HTTP/1.1" 200 OK
INFO:     127.0.0.1:52502 - "GET /api/v1/health HTTP/1.1" 200 OK
INFO:     127.0.0.1:60026 - "GET /api/v1/health HTTP/1.1" 200 OK
INFO:     127.0.0.1:42080 - "GET /api/v1/health HTTP/1.1" 200 OK
INFO:     127.0.0.1:56474 - "GET /api/v1/health HTTP/1.1" 200 OK
INFO:     127.0.0.1:44204 - "GET /api/v1/health HTTP/1.1" 200 OK
INFO:     127.0.0.1:46198 - "GET /api/v1/health HTTP/1.1" 200 OK
INFO:     127.0.0.1:56112 - "GET /api/v1/health HTTP/1.1" 200 OK
INFO:     127.0.0.1:53540 - "GET /api/v1/health HTTP/1.1" 200 OK
INFO:     127.0.0.1:44426 - "GET /api/v1/health HTTP/1.1" 200 OK
INFO:     127.0.0.1:32858 - "GET /api/v1/health HTTP/1.1" 200 OK
INFO:     127.0.0.1:33120 - "GET /api/v1/health HTTP/1.1" 200 OK
INFO:     127.0.0.1:49202 - "GET /api/v1/health HTTP/1.1" 200 OK
INFO:     127.0.0.1:33700 - "GET /api/v1/health HTTP/1.1" 200 OK
INFO:     127.0.0.1:45492 - "GET /api/v1/health HTTP/1.1" 200 OK
INFO:     127.0.0.1:60060 - "GET /api/v1/health HTTP/1.1" 200 OK
INFO:     127.0.0.1:53122 - "GET /api/v1/health HTTP/1.1" 200 OK
INFO:     127.0.0.1:58874 - "GET /api/v1/health HTTP/1.1" 200 OK
INFO:     127.0.0.1:40442 - "GET /api/v1/health HTTP/1.1" 200 OK
INFO:     127.0.0.1:46708 - "GET /api/v1/health HTTP/1.1" 200 OK
INFO:     127.0.0.1:48052 - "GET /api/v1/health HTTP/1.1" 200 OK
INFO:     127.0.0.1:37676 - "GET /api/v1/health HTTP/1.1" 200 OK
INFO:     127.0.0.1:34562 - "GET /api/v1/health HTTP/1.1" 200 OK
INFO:     127.0.0.1:32974 - "GET /api/v1/health HTTP/1.1" 200 OK
INFO:     127.0.0.1:40288 - "GET /api/v1/health HTTP/1.1" 200 OK
INFO:     127.0.0.1:34646 - "GET /api/v1/health HTTP/1.1" 200 OK
INFO:     127.0.0.1:47892 - "GET /api/v1/health HTTP/1.1" 200 OK
INFO:     127.0.0.1:38688 - "GET /api/v1/health HTTP/1.1" 200 OK
INFO:     127.0.0.1:37812 - "GET /api/v1/health HTTP/1.1" 200 OK
INFO:     127.0.0.1:38610 - "GET /api/v1/health HTTP/1.1" 200 OK
INFO:     127.0.0.1:47162 - "GET /api/v1/health HTTP/1.1" 200 OK
INFO:     127.0.0.1:51858 - "GET /api/v1/health HTTP/1.1" 200 OK
INFO:     127.0.0.1:40640 - "GET /api/v1/health HTTP/1.1" 200 OK
INFO:     127.0.0.1:37338 - "GET /api/v1/health HTTP/1.1" 200 OK
INFO:     127.0.0.1:46112 - "GET /api/v1/health HTTP/1.1" 200 OK
INFO:     127.0.0.1:54692 - "GET /api/v1/health HTTP/1.1" 200 OK
INFO:     127.0.0.1:47774 - "GET /api/v1/health HTTP/1.1" 200 OK
INFO:     127.0.0.1:59032 - "GET /api/v1/health HTTP/1.1" 200 OK
INFO:     127.0.0.1:50266 - "GET /api/v1/health HTTP/1.1" 200 OK
INFO:     127.0.0.1:52950 - "GET /api/v1/health HTTP/1.1" 200 OK
INFO:     127.0.0.1:44870 - "GET /api/v1/health HTTP/1.1" 200 OK
INFO:     127.0.0.1:39986 - "GET /api/v1/health HTTP/1.1" 200 OK
INFO:     127.0.0.1:58490 - "GET /api/v1/health HTTP/1.1" 200 OK
INFO:     127.0.0.1:33204 - "GET /api/v1/health HTTP/1.1" 200 OK
INFO:     127.0.0.1:32826 - "GET /api/v1/health HTTP/1.1" 200 OK
INFO:     127.0.0.1:43344 - "GET /api/v1/health HTTP/1.1" 200 OK
INFO:     127.0.0.1:40148 - "GET /api/v1/health HTTP/1.1" 200 OK
INFO:     127.0.0.1:38996 - "GET /api/v1/health HTTP/1.1" 200 OK
INFO:     127.0.0.1:50942 - "GET /api/v1/health HTTP/1.1" 200 OK
INFO:     127.0.0.1:45638 - "GET /api/v1/health HTTP/1.1" 200 OK
INFO:     127.0.0.1:60762 - "GET /api/v1/health HTTP/1.1" 200 OK
INFO:     127.0.0.1:38994 - "POST /api/v1/extract/markup HTTP/1.1" 200 OK
INFO:     127.0.0.1:40726 - "GET /api/v1/health HTTP/1.1" 200 OK
INFO:     127.0.0.1:46450 - "GET /api/v1/health HTTP/1.1" 200 OK
INFO:     127.0.0.1:50764 - "GET /api/v1/health HTTP/1.1" 200 OK
INFO:     127.0.0.1:55800 - "GET /api/v1/health HTTP/1.1" 200 OK
INFO:     127.0.0.1:59698 - "GET /api/v1/health HTTP/1.1" 200 OK
INFO:     127.0.0.1:58014 - "GET /api/v1/health HTTP/1.1" 200 OK
INFO:     127.0.0.1:34556 - "GET /api/v1/health HTTP/1.1" 200 OK
INFO:     127.0.0.1:33646 - "GET /api/v1/health HTTP/1.1" 200 OK
INFO:     127.0.0.1:52002 - "GET /api/v1/health HTTP/1.1" 200 OK
INFO:     127.0.0.1:45636 - "GET /api/v1/health HTTP/1.1" 200 OK
INFO:     127.0.0.1:48060 - "GET /api/v1/health HTTP/1.1" 200 OK
INFO:     127.0.0.1:57706 - "GET /api/v1/health HTTP/1.1" 200 OK
INFO:     127.0.0.1:60900 - "GET /api/v1/health HTTP/1.1" 200 OK
INFO:     127.0.0.1:41312 - "GET /api/v1/health HTTP/1.1" 200 OK
INFO:     127.0.0.1:59008 - "GET /api/v1/health HTTP/1.1" 200 OK
INFO:     127.0.0.1:40266 - "GET /api/v1/health HTTP/1.1" 200 OK
INFO:     127.0.0.1:41110 - "GET /api/v1/health HTTP/1.1" 200 OK
INFO:     127.0.0.1:49236 - "GET /api/v1/health HTTP/1.1" 200 OK
INFO:     127.0.0.1:37108 - "GET /api/v1/health HTTP/1.1" 200 OK
INFO:     127.0.0.1:46576 - "GET /api/v1/health HTTP/1.1" 200 OK
INFO:     127.0.0.1:37002 - "GET /api/v1/health HTTP/1.1" 200 OK
INFO:     127.0.0.1:58154 - "GET /api/v1/health HTTP/1.1" 200 OK
INFO:     127.0.0.1:34106 - "GET /api/v1/health HTTP/1.1" 200 OK
INFO:     127.0.0.1:56032 - "GET /api/v1/health HTTP/1.1" 200 OK
INFO:     127.0.0.1:44166 - "GET /api/v1/health HTTP/1.1" 200 OK
INFO:     127.0.0.1:50102 - "GET /api/v1/health HTTP/1.1" 200 OK
INFO:     127.0.0.1:38338 - "GET /api/v1/health HTTP/1.1" 200 OK
INFO:     127.0.0.1:51760 - "GET /api/v1/health HTTP/1.1" 200 OK
INFO:     127.0.0.1:55428 - "GET /api/v1/health HTTP/1.1" 200 OK
INFO:     127.0.0.1:46780 - "GET /api/v1/health HTTP/1.1" 200 OK
INFO:     127.0.0.1:53728 - "GET /api/v1/health HTTP/1.1" 200 OK
INFO:     127.0.0.1:56130 - "GET /api/v1/health HTTP/1.1" 200 OK
INFO:     127.0.0.1:57100 - "GET /api/v1/health HTTP/1.1" 200 OK
INFO:     127.0.0.1:40728 - "GET /api/v1/health HTTP/1.1" 200 OK
INFO:     127.0.0.1:35374 - "GET /api/v1/health HTTP/1.1" 200 OK
INFO:     127.0.0.1:60618 - "GET /api/v1/health HTTP/1.1" 200 OK
INFO:     127.0.0.1:37768 - "GET /api/v1/health HTTP/1.1" 200 OK
INFO:     127.0.0.1:58778 - "GET /api/v1/health HTTP/1.1" 200 OK
INFO:     127.0.0.1:47104 - "GET /api/v1/health HTTP/1.1" 200 OK
INFO:     127.0.0.1:53590 - "GET /api/v1/health HTTP/1.1" 200 OK
INFO:     127.0.0.1:51390 - "GET /api/v1/health HTTP/1.1" 200 OK
INFO:     127.0.0.1:59602 - "GET /api/v1/health HTTP/1.1" 200 OK
INFO:     127.0.0.1:45598 - "GET /api/v1/health HTTP/1.1" 200 OK
INFO:     127.0.0.1:54998 - "GET /api/v1/health HTTP/1.1" 200 OK
INFO:     127.0.0.1:57120 - "GET /api/v1/health HTTP/1.1" 200 OK
INFO:     127.0.0.1:57528 - "GET /api/v1/health HTTP/1.1" 200 OK
INFO:     127.0.0.1:42294 - "GET /api/v1/health HTTP/1.1" 200 OK
INFO:     127.0.0.1:41990 - "GET /api/v1/health HTTP/1.1" 200 OK
INFO:     127.0.0.1:35440 - "GET /api/v1/health HTTP/1.1" 200 OK
INFO:     127.0.0.1:45300 - "GET /api/v1/health HTTP/1.1" 200 OK
INFO:     127.0.0.1:58950 - "GET /api/v1/health HTTP/1.1" 200 OK
INFO:     127.0.0.1:36938 - "GET /api/v1/health HTTP/1.1" 200 OK
INFO:     127.0.0.1:56994 - "GET /api/v1/health HTTP/1.1" 200 OK
INFO:     127.0.0.1:40370 - "GET /api/v1/health HTTP/1.1" 200 OK
INFO:     127.0.0.1:33820 - "GET /api/v1/health HTTP/1.1" 200 OK
INFO:     127.0.0.1:54394 - "GET /api/v1/health HTTP/1.1" 200 OK
INFO:     127.0.0.1:46740 - "GET /api/v1/health HTTP/1.1" 200 OK
INFO:     127.0.0.1:52754 - "GET /api/v1/health HTTP/1.1" 200 OK
INFO:     127.0.0.1:37348 - "GET /api/v1/health HTTP/1.1" 200 OK
INFO:     127.0.0.1:33386 - "GET /api/v1/health HTTP/1.1" 200 OK
INFO:     127.0.0.1:54216 - "GET /api/v1/health HTTP/1.1" 200 OK
INFO:     127.0.0.1:54198 - "GET /api/v1/health HTTP/1.1" 200 OK
INFO:     127.0.0.1:36328 - "GET /api/v1/health HTTP/1.1" 200 OK
INFO:     127.0.0.1:39266 - "GET /api/v1/health HTTP/1.1" 200 OK
INFO:     127.0.0.1:53488 - "GET /api/v1/health HTTP/1.1" 200 OK
INFO:     127.0.0.1:54238 - "GET /api/v1/health HTTP/1.1" 200 OK
INFO:     127.0.0.1:48014 - "GET /api/v1/health HTTP/1.1" 200 OK
INFO:     127.0.0.1:36190 - "GET /api/v1/health HTTP/1.1" 200 OK
INFO:     127.0.0.1:47836 - "GET /api/v1/health HTTP/1.1" 200 OK
INFO:     127.0.0.1:47902 - "GET /api/v1/health HTTP/1.1" 200 OK
INFO:     127.0.0.1:41136 - "GET /api/v1/health HTTP/1.1" 200 OK
INFO:     127.0.0.1:35126 - "GET /api/v1/health HTTP/1.1" 200 OK
INFO:     127.0.0.1:60364 - "GET /api/v1/health HTTP/1.1" 200 OK
INFO:     127.0.0.1:60390 - "GET /api/v1/health HTTP/1.1" 200 OK
INFO:     127.0.0.1:55364 - "GET /api/v1/health HTTP/1.1" 200 OK
INFO:     127.0.0.1:45690 - "GET /api/v1/health HTTP/1.1" 200 OK
INFO:     127.0.0.1:46590 - "GET /api/v1/health HTTP/1.1" 200 OK
INFO:     127.0.0.1:40214 - "GET /api/v1/health HTTP/1.1" 200 OK
INFO:     127.0.0.1:35988 - "GET /api/v1/health HTTP/1.1" 200 OK
INFO:     127.0.0.1:39462 - "GET /api/v1/health HTTP/1.1" 200 OK
INFO:     127.0.0.1:45746 - "GET /api/v1/health HTTP/1.1" 200 OK
INFO:     127.0.0.1:45108 - "GET /api/v1/health HTTP/1.1" 200 OK
INFO:     127.0.0.1:45604 - "GET /api/v1/health HTTP/1.1" 200 OK
INFO:     127.0.0.1:37562 - "GET /api/v1/health HTTP/1.1" 200 OK
INFO:     127.0.0.1:34398 - "GET /api/v1/health HTTP/1.1" 200 OK
INFO:     127.0.0.1:37146 - "GET /api/v1/health HTTP/1.1" 200 OK
INFO:     127.0.0.1:34854 - "GET /api/v1/health HTTP/1.1" 200 OK
INFO:     127.0.0.1:55186 - "GET /api/v1/health HTTP/1.1" 200 OK
INFO:     127.0.0.1:46280 - "GET /api/v1/health HTTP/1.1" 200 OK
INFO:     127.0.0.1:57224 - "GET /api/v1/health HTTP/1.1" 200 OK
INFO:     127.0.0.1:35978 - "GET /api/v1/health HTTP/1.1" 200 OK
INFO:     127.0.0.1:34296 - "GET /api/v1/health HTTP/1.1" 200 OK
INFO:     127.0.0.1:44014 - "GET /api/v1/health HTTP/1.1" 200 OK
INFO:     127.0.0.1:39104 - "GET /api/v1/health HTTP/1.1" 200 OK
INFO:     127.0.0.1:41318 - "GET /api/v1/health HTTP/1.1" 200 OK
INFO:     127.0.0.1:37902 - "GET /api/v1/health HTTP/1.1" 200 OK
INFO:     127.0.0.1:60026 - "GET /api/v1/health HTTP/1.1" 200 OK
INFO:     127.0.0.1:34092 - "GET /api/v1/health HTTP/1.1" 200 OK
INFO:     127.0.0.1:41418 - "GET /api/v1/health HTTP/1.1" 200 OK
INFO:     127.0.0.1:49958 - "GET /api/v1/health HTTP/1.1" 200 OK
INFO:     127.0.0.1:39536 - "GET /api/v1/health HTTP/1.1" 200 OK
INFO:     127.0.0.1:46354 - "GET /api/v1/health HTTP/1.1" 200 OK
INFO:     127.0.0.1:44938 - "GET /api/v1/health HTTP/1.1" 200 OK
INFO:     127.0.0.1:38616 - "GET /api/v1/health HTTP/1.1" 200 OK
INFO:     127.0.0.1:53658 - "GET /api/v1/health HTTP/1.1" 200 OK
INFO:     127.0.0.1:56272 - "GET /api/v1/health HTTP/1.1" 200 OK
INFO:     127.0.0.1:41236 - "GET /api/v1/health HTTP/1.1" 200 OK
INFO:     127.0.0.1:43666 - "GET /api/v1/health HTTP/1.1" 200 OK
INFO:     127.0.0.1:57482 - "GET /api/v1/health HTTP/1.1" 200 OK
INFO:     127.0.0.1:33460 - "GET /api/v1/health HTTP/1.1" 200 OK
INFO:     127.0.0.1:48946 - "GET /api/v1/health HTTP/1.1" 200 OK
INFO:     127.0.0.1:45844 - "GET /api/v1/health HTTP/1.1" 200 OK
INFO:     127.0.0.1:50224 - "GET /api/v1/health HTTP/1.1" 200 OK
INFO:     127.0.0.1:56494 - "GET /api/v1/health HTTP/1.1" 200 OK
INFO:     127.0.0.1:41910 - "GET /api/v1/health HTTP/1.1" 200 OK
INFO:     127.0.0.1:45844 - "GET /api/v1/health HTTP/1.1" 200 OK
INFO:     127.0.0.1:33926 - "GET /api/v1/health HTTP/1.1" 200 OK
INFO:     127.0.0.1:58200 - "GET /api/v1/health HTTP/1.1" 200 OK
INFO:     127.0.0.1:33332 - "GET /api/v1/health HTTP/1.1" 200 OK
INFO:     127.0.0.1:47668 - "GET /api/v1/health HTTP/1.1" 200 OK
INFO:     127.0.0.1:56946 - "GET /api/v1/health HTTP/1.1" 200 OK
INFO:     127.0.0.1:58424 - "GET /api/v1/health HTTP/1.1" 200 OK
INFO:     127.0.0.1:45408 - "GET /api/v1/health HTTP/1.1" 200 OK
INFO:     127.0.0.1:56036 - "GET /api/v1/health HTTP/1.1" 200 OK
INFO:     127.0.0.1:39278 - "GET /api/v1/health HTTP/1.1" 200 OK
INFO:     127.0.0.1:60658 - "GET /api/v1/health HTTP/1.1" 200 OK
INFO:     127.0.0.1:45614 - "GET /api/v1/health HTTP/1.1" 200 OK
INFO:     127.0.0.1:38968 - "GET /api/v1/health HTTP/1.1" 200 OK
INFO:     127.0.0.1:38424 - "GET /api/v1/health HTTP/1.1" 200 OK
INFO:     127.0.0.1:60904 - "GET /api/v1/health HTTP/1.1" 200 OK
INFO:     127.0.0.1:35400 - "GET /api/v1/health HTTP/1.1" 200 OK
INFO:     127.0.0.1:36350 - "GET /api/v1/health HTTP/1.1" 200 OK
INFO:     127.0.0.1:47280 - "GET /api/v1/health HTTP/1.1" 200 OK
INFO:     127.0.0.1:50478 - "GET /api/v1/health HTTP/1.1" 200 OK
INFO:     127.0.0.1:36894 - "GET /api/v1/health HTTP/1.1" 200 OK
INFO:     127.0.0.1:40160 - "GET /api/v1/health HTTP/1.1" 200 OK
INFO:     127.0.0.1:40436 - "GET /api/v1/health HTTP/1.1" 200 OK
INFO:     127.0.0.1:40502 - "GET /api/v1/health HTTP/1.1" 200 OK
INFO:     127.0.0.1:60154 - "GET /api/v1/health HTTP/1.1" 200 OK
INFO:     127.0.0.1:48322 - "GET /api/v1/health HTTP/1.1" 200 OK
INFO:     127.0.0.1:50080 - "GET /api/v1/health HTTP/1.1" 200 OK
INFO:     127.0.0.1:35264 - "GET /api/v1/health HTTP/1.1" 200 OK
INFO:     127.0.0.1:41810 - "GET /api/v1/health HTTP/1.1" 200 OK
INFO:     127.0.0.1:41926 - "GET /api/v1/health HTTP/1.1" 200 OK
INFO:     127.0.0.1:58150 - "GET /api/v1/health HTTP/1.1" 200 OK
INFO:     127.0.0.1:33212 - "GET /api/v1/health HTTP/1.1" 200 OK
INFO:     127.0.0.1:37740 - "GET /api/v1/health HTTP/1.1" 200 OK
INFO:     127.0.0.1:43340 - "GET /api/v1/health HTTP/1.1" 200 OK
INFO:     127.0.0.1:53658 - "GET /api/v1/health HTTP/1.1" 200 OK
INFO:     127.0.0.1:35014 - "GET /api/v1/health HTTP/1.1" 200 OK
INFO:     127.0.0.1:45530 - "GET /api/v1/health HTTP/1.1" 200 OK
INFO:     127.0.0.1:39060 - "GET /api/v1/health HTTP/1.1" 200 OK
INFO:     127.0.0.1:53560 - "GET /api/v1/health HTTP/1.1" 200 OK
INFO:     127.0.0.1:54856 - "GET /api/v1/health HTTP/1.1" 200 OK
INFO:     127.0.0.1:49974 - "GET /api/v1/health HTTP/1.1" 200 OK
INFO:     127.0.0.1:60438 - "GET /api/v1/health HTTP/1.1" 200 OK
INFO:     127.0.0.1:33442 - "GET /api/v1/health HTTP/1.1" 200 OK
INFO:     127.0.0.1:38714 - "GET /api/v1/health HTTP/1.1" 200 OK
INFO:     127.0.0.1:43538 - "GET /api/v1/health HTTP/1.1" 200 OK
INFO:     127.0.0.1:52744 - "GET /api/v1/health HTTP/1.1" 200 OK
INFO:     127.0.0.1:58822 - "GET /api/v1/health HTTP/1.1" 200 OK
INFO:     127.0.0.1:48964 - "GET /api/v1/health HTTP/1.1" 200 OK
INFO:     127.0.0.1:42990 - "GET /api/v1/health HTTP/1.1" 200 OK
INFO:     127.0.0.1:38552 - "GET /api/v1/health HTTP/1.1" 200 OK
INFO:     127.0.0.1:48522 - "GET /api/v1/health HTTP/1.1" 200 OK
INFO:     127.0.0.1:44502 - "GET /api/v1/health HTTP/1.1" 200 OK
INFO:     127.0.0.1:50422 - "GET /api/v1/health HTTP/1.1" 200 OK
INFO:     127.0.0.1:36352 - "GET /api/v1/health HTTP/1.1" 200 OK
INFO:     127.0.0.1:45096 - "GET /api/v1/health HTTP/1.1" 200 OK
INFO:     127.0.0.1:33878 - "GET /api/v1/health HTTP/1.1" 200 OK
INFO:     127.0.0.1:35112 - "GET /api/v1/health HTTP/1.1" 200 OK
INFO:     127.0.0.1:35312 - "GET /api/v1/health HTTP/1.1" 200 OK
INFO:     127.0.0.1:42912 - "GET /api/v1/health HTTP/1.1" 200 OK
INFO:     127.0.0.1:39174 - "GET /api/v1/health HTTP/1.1" 200 OK
INFO:     127.0.0.1:49042 - "GET /api/v1/health HTTP/1.1" 200 OK
INFO:     127.0.0.1:48920 - "GET /api/v1/health HTTP/1.1" 200 OK
INFO:     127.0.0.1:34936 - "GET /api/v1/health HTTP/1.1" 200 OK
INFO:     127.0.0.1:37428 - "GET /api/v1/health HTTP/1.1" 200 OK
INFO:     127.0.0.1:51812 - "GET /api/v1/health HTTP/1.1" 200 OK
INFO:     127.0.0.1:52072 - "GET /api/v1/health HTTP/1.1" 200 OK
INFO:     127.0.0.1:42664 - "GET /api/v1/health HTTP/1.1" 200 OK
INFO:     127.0.0.1:42648 - "GET /api/v1/health HTTP/1.1" 200 OK
INFO:     127.0.0.1:44990 - "GET /api/v1/health HTTP/1.1" 200 OK
INFO:     127.0.0.1:47350 - "GET /api/v1/health HTTP/1.1" 200 OK
INFO:     127.0.0.1:59052 - "GET /api/v1/health HTTP/1.1" 200 OK
INFO:     127.0.0.1:51540 - "GET /api/v1/health HTTP/1.1" 200 OK
INFO:     127.0.0.1:46146 - "GET /api/v1/health HTTP/1.1" 200 OK
INFO:     127.0.0.1:33800 - "GET /api/v1/health HTTP/1.1" 200 OK
INFO:     127.0.0.1:58596 - "GET /api/v1/health HTTP/1.1" 200 OK
INFO:     127.0.0.1:39528 - "GET /api/v1/health HTTP/1.1" 200 OK
INFO:     127.0.0.1:43382 - "GET /api/v1/health HTTP/1.1" 200 OK
INFO:     127.0.0.1:49168 - "GET /api/v1/health HTTP/1.1" 200 OK
INFO:     127.0.0.1:57388 - "GET /api/v1/health HTTP/1.1" 200 OK
INFO:     127.0.0.1:50888 - "GET /api/v1/health HTTP/1.1" 200 OK
INFO:     127.0.0.1:45564 - "GET /api/v1/health HTTP/1.1" 200 OK
INFO:     127.0.0.1:47462 - "GET /api/v1/health HTTP/1.1" 200 OK
INFO:     127.0.0.1:52260 - "GET /api/v1/health HTTP/1.1" 200 OK
INFO:     127.0.0.1:39864 - "GET /api/v1/health HTTP/1.1" 200 OK
INFO:     127.0.0.1:41656 - "GET /api/v1/health HTTP/1.1" 200 OK
INFO:     127.0.0.1:37500 - "GET /api/v1/health HTTP/1.1" 200 OK
INFO:     127.0.0.1:50168 - "GET /api/v1/health HTTP/1.1" 200 OK
INFO:     127.0.0.1:52584 - "GET /api/v1/health HTTP/1.1" 200 OK
INFO:     127.0.0.1:49354 - "GET /api/v1/health HTTP/1.1" 200 OK
INFO:     127.0.0.1:45914 - "GET /api/v1/health HTTP/1.1" 200 OK
INFO:     127.0.0.1:32942 - "GET /api/v1/health HTTP/1.1" 200 OK
INFO:     127.0.0.1:47706 - "GET /api/v1/health HTTP/1.1" 200 OK
INFO:     127.0.0.1:57272 - "GET /api/v1/health HTTP/1.1" 200 OK
INFO:     127.0.0.1:45042 - "GET /api/v1/health HTTP/1.1" 200 OK
INFO:     127.0.0.1:47366 - "GET /api/v1/health HTTP/1.1" 200 OK
INFO:     127.0.0.1:50420 - "GET /api/v1/health HTTP/1.1" 200 OK
INFO:     127.0.0.1:54792 - "GET /api/v1/health HTTP/1.1" 200 OK
INFO:     127.0.0.1:48556 - "GET /api/v1/health HTTP/1.1" 200 OK
INFO:     127.0.0.1:51360 - "GET /api/v1/health HTTP/1.1" 200 OK
INFO:     127.0.0.1:35818 - "GET /api/v1/health HTTP/1.1" 200 OK
INFO:     127.0.0.1:50214 - "GET /api/v1/health HTTP/1.1" 200 OK
INFO:     127.0.0.1:35418 - "GET /api/v1/health HTTP/1.1" 200 OK
INFO:     127.0.0.1:34704 - "GET /api/v1/health HTTP/1.1" 200 OK
INFO:     127.0.0.1:44418 - "GET /api/v1/health HTTP/1.1" 200 OK
INFO:     127.0.0.1:60870 - "GET /api/v1/health HTTP/1.1" 200 OK
INFO:     127.0.0.1:37518 - "GET /api/v1/health HTTP/1.1" 200 OK
INFO:     127.0.0.1:49850 - "GET /api/v1/health HTTP/1.1" 200 OK
INFO:     127.0.0.1:60374 - "GET /api/v1/health HTTP/1.1" 200 OK
INFO:     127.0.0.1:57946 - "GET /api/v1/health HTTP/1.1" 200 OK
INFO:     127.0.0.1:36992 - "GET /api/v1/health HTTP/1.1" 200 OK
INFO:     127.0.0.1:37974 - "GET /api/v1/health HTTP/1.1" 200 OK
INFO:     127.0.0.1:41970 - "GET /api/v1/health HTTP/1.1" 200 OK
INFO:     127.0.0.1:50148 - "GET /api/v1/health HTTP/1.1" 200 OK
INFO:     127.0.0.1:42930 - "GET /api/v1/health HTTP/1.1" 200 OK
INFO:     127.0.0.1:54486 - "GET /api/v1/health HTTP/1.1" 200 OK
INFO:     127.0.0.1:38358 - "GET /api/v1/health HTTP/1.1" 200 OK
INFO:     127.0.0.1:35508 - "GET /api/v1/health HTTP/1.1" 200 OK
INFO:     127.0.0.1:44612 - "GET /api/v1/health HTTP/1.1" 200 OK
INFO:     127.0.0.1:60380 - "GET /api/v1/health HTTP/1.1" 200 OK
INFO:     127.0.0.1:34838 - "GET /api/v1/health HTTP/1.1" 200 OK
INFO:     127.0.0.1:46942 - "GET /api/v1/health HTTP/1.1" 200 OK
INFO:     127.0.0.1:48746 - "GET /api/v1/health HTTP/1.1" 200 OK
INFO:     127.0.0.1:38878 - "GET /api/v1/health HTTP/1.1" 200 OK
INFO:     127.0.0.1:44480 - "GET /api/v1/health HTTP/1.1" 200 OK
INFO:     127.0.0.1:39916 - "GET /api/v1/health HTTP/1.1" 200 OK
INFO:     127.0.0.1:39052 - "GET /api/v1/health HTTP/1.1" 200 OK
INFO:     127.0.0.1:60162 - "GET /api/v1/health HTTP/1.1" 200 OK
INFO:     127.0.0.1:47762 - "GET /api/v1/health HTTP/1.1" 200 OK
INFO:     127.0.0.1:55890 - "GET /api/v1/health HTTP/1.1" 200 OK
INFO:     127.0.0.1:56986 - "GET /api/v1/health HTTP/1.1" 200 OK
INFO:     127.0.0.1:39798 - "GET /api/v1/health HTTP/1.1" 200 OK
INFO:     127.0.0.1:37550 - "GET /api/v1/health HTTP/1.1" 200 OK
INFO:     127.0.0.1:45576 - "GET /api/v1/health HTTP/1.1" 200 OK
INFO:     127.0.0.1:46724 - "GET /api/v1/health HTTP/1.1" 200 OK
INFO:     127.0.0.1:55370 - "GET /api/v1/health HTTP/1.1" 200 OK
INFO:     127.0.0.1:49210 - "GET /api/v1/health HTTP/1.1" 200 OK
INFO:     127.0.0.1:48426 - "GET /api/v1/health HTTP/1.1" 200 OK
INFO:     Shutting down
INFO:     Waiting for application shutdown.
INFO:     Application shutdown complete.
INFO:     Finished server process [118950]
INFO:     Will watch for changes in these directories: ['/home/nbhansen/dev/hcibrain/packages/backend']
INFO:     Uvicorn running on http://0.0.0.0:8000 (Press CTRL+C to quit)
INFO:     Started reloader process [122071] using StatReload
ERROR:    Error loading ASGI app. Could not import module "hci_extractor.web.main".
INFO:     Will watch for changes in these directories: ['/home/nbhansen/dev/hcibrain/packages/backend']
INFO:     Uvicorn running on http://0.0.0.0:8000 (Press CTRL+C to quit)
INFO:     Started reloader process [122467] using StatReload
INFO:     Started server process [122475]
INFO:     Waiting for application startup.
INFO:     Application startup complete.
WARNING:  StatReload detected changes in 'debug_markup.py'. Reloading...
WARNING:  StatReload detected changes in 'debug_markup.py'. Reloading...
INFO:     Shutting down
ERROR:    Error loading ASGI app. Could not import module "hci_extractor.web.main".
INFO:     Waiting for application shutdown.
INFO:     Application shutdown complete.
INFO:     Finished server process [122475]
INFO:     Started server process [122777]
INFO:     Waiting for application startup.
INFO:     Application startup complete.
Gemini API error for markup generation
Traceback (most recent call last):
  File "/home/nbhansen/dev/hcibrain/packages/backend/src/hci_extractor/providers/gemini_provider.py", line 232, in _make_markup_api_request
    if not response.text:
           ^^^^^^^^^^^^^
  File "/home/nbhansen/.local/lib/python3.13/site-packages/google/generativeai/types/generation_types.py", line 481, in text
    raise ValueError(msg)
ValueError: Invalid operation: The `response.text` quick accessor requires the response to contain a valid `Part`, but none were returned. The candidate's [finish_reason](https://ai.google.dev/api/generate-content#finishreason) is 2.

During handling of the above exception, another exception occurred:

Traceback (most recent call last):
  File "/home/nbhansen/dev/hcibrain/packages/backend/src/hci_extractor/providers/gemini_provider.py", line 204, in generate_markup
    response = await self._make_markup_api_request(prompt)
               ^^^^^^^^^^^^^^^^^^^^^^^^^^^^^^^^^^^^^^^^^^^
  File "/home/nbhansen/dev/hcibrain/packages/backend/src/hci_extractor/providers/gemini_provider.py", line 250, in _make_markup_api_request
    raise GeminiApiError()
hci_extractor.core.models.exceptions.GeminiApiError: Gemini API error
INFO:     127.0.0.1:47566 - "POST /api/v1/extract/markup HTTP/1.1" 500 Internal Server Error
WARNING:  StatReload detected changes in 'src/hci_extractor/web/routes/extract.py'. Reloading...
ERROR:    Error loading ASGI app. Could not import module "hci_extractor.web.main".
WARNING:  StatReload detected changes in 'src/hci_extractor/web/routes/extract.py'. Reloading...
INFO:     Shutting down
INFO:     Waiting for application shutdown.
INFO:     Application shutdown complete.
INFO:     Finished server process [122777]
INFO:     Started server process [123081]
INFO:     Waiting for application startup.
INFO:     Application startup complete.
INFO:     127.0.0.1:57742 - "POST /api/v1/extract/markup HTTP/1.1" 500 Internal Server Error
ERROR:    Exception in ASGI application
Traceback (most recent call last):
  File "/home/nbhansen/.local/lib/python3.13/site-packages/uvicorn/protocols/http/h11_impl.py", line 403, in run_asgi
    result = await app(  # type: ignore[func-returns-value]
             ^^^^^^^^^^^^^^^^^^^^^^^^^^^^^^^^^^^^^^^^^^^^^^
        self.scope, self.receive, self.send
        ^^^^^^^^^^^^^^^^^^^^^^^^^^^^^^^^^^^
    )
    ^
  File "/home/nbhansen/.local/lib/python3.13/site-packages/uvicorn/middleware/proxy_headers.py", line 60, in __call__
    return await self.app(scope, receive, send)
           ^^^^^^^^^^^^^^^^^^^^^^^^^^^^^^^^^^^^
  File "/home/nbhansen/.local/lib/python3.13/site-packages/fastapi/applications.py", line 1054, in __call__
    await super().__call__(scope, receive, send)
  File "/home/nbhansen/.local/lib/python3.13/site-packages/starlette/applications.py", line 112, in __call__
    await self.middleware_stack(scope, receive, send)
  File "/home/nbhansen/.local/lib/python3.13/site-packages/starlette/middleware/errors.py", line 187, in __call__
    raise exc
  File "/home/nbhansen/.local/lib/python3.13/site-packages/starlette/middleware/errors.py", line 165, in __call__
    await self.app(scope, receive, _send)
  File "/home/nbhansen/.local/lib/python3.13/site-packages/starlette/middleware/cors.py", line 85, in __call__
    await self.app(scope, receive, send)
  File "/home/nbhansen/.local/lib/python3.13/site-packages/starlette/middleware/exceptions.py", line 62, in __call__
    await wrap_app_handling_exceptions(self.app, conn)(scope, receive, send)
  File "/home/nbhansen/.local/lib/python3.13/site-packages/starlette/_exception_handler.py", line 53, in wrapped_app
    raise exc
  File "/home/nbhansen/.local/lib/python3.13/site-packages/starlette/_exception_handler.py", line 42, in wrapped_app
    await app(scope, receive, sender)
  File "/home/nbhansen/.local/lib/python3.13/site-packages/starlette/routing.py", line 714, in __call__
    await self.middleware_stack(scope, receive, send)
  File "/home/nbhansen/.local/lib/python3.13/site-packages/starlette/routing.py", line 734, in app
    await route.handle(scope, receive, send)
  File "/home/nbhansen/.local/lib/python3.13/site-packages/starlette/routing.py", line 288, in handle
    await self.app(scope, receive, send)
  File "/home/nbhansen/.local/lib/python3.13/site-packages/starlette/routing.py", line 76, in app
    await wrap_app_handling_exceptions(app, request)(scope, receive, send)
  File "/home/nbhansen/.local/lib/python3.13/site-packages/starlette/_exception_handler.py", line 53, in wrapped_app
    raise exc
  File "/home/nbhansen/.local/lib/python3.13/site-packages/starlette/_exception_handler.py", line 42, in wrapped_app
    await app(scope, receive, sender)
  File "/home/nbhansen/.local/lib/python3.13/site-packages/starlette/routing.py", line 73, in app
    response = await f(request)
               ^^^^^^^^^^^^^^^^
  File "/home/nbhansen/.local/lib/python3.13/site-packages/fastapi/routing.py", line 301, in app
    raw_response = await run_endpoint_function(
                   ^^^^^^^^^^^^^^^^^^^^^^^^^^^^
    ...<3 lines>...
    )
    ^
  File "/home/nbhansen/.local/lib/python3.13/site-packages/fastapi/routing.py", line 212, in run_endpoint_function
    return await dependant.call(**values)
           ^^^^^^^^^^^^^^^^^^^^^^^^^^^^^^
  File "/home/nbhansen/dev/hcibrain/packages/backend/src/hci_extractor/web/routes/extract.py", line 494, in extract_pdf_markup
    logger.info(f"üîç EXTRACT DEBUG - PDF extracted: {len(pdf_content.full_text)} chars")
    ^^^^^^
NameError: name 'logger' is not defined
WARNING:  StatReload detected changes in 'src/hci_extractor/web/routes/extract.py'. Reloading...
ERROR:    Error loading ASGI app. Could not import module "hci_extractor.web.main".
WARNING:  StatReload detected changes in 'src/hci_extractor/web/routes/extract.py'. Reloading...
INFO:     Shutting down
INFO:     Waiting for application shutdown.
INFO:     Application shutdown complete.
INFO:     Finished server process [123081]
INFO:     Started server process [123215]
INFO:     Waiting for application startup.
INFO:     Application startup complete.
INFO:     127.0.0.1:38026 - "POST /api/v1/extract/markup HTTP/1.1" 500 Internal Server Error
ERROR:    Exception in ASGI application
Traceback (most recent call last):
  File "/home/nbhansen/.local/lib/python3.13/site-packages/uvicorn/protocols/http/h11_impl.py", line 403, in run_asgi
    result = await app(  # type: ignore[func-returns-value]
             ^^^^^^^^^^^^^^^^^^^^^^^^^^^^^^^^^^^^^^^^^^^^^^
        self.scope, self.receive, self.send
        ^^^^^^^^^^^^^^^^^^^^^^^^^^^^^^^^^^^
    )
    ^
  File "/home/nbhansen/.local/lib/python3.13/site-packages/uvicorn/middleware/proxy_headers.py", line 60, in __call__
    return await self.app(scope, receive, send)
           ^^^^^^^^^^^^^^^^^^^^^^^^^^^^^^^^^^^^
  File "/home/nbhansen/.local/lib/python3.13/site-packages/fastapi/applications.py", line 1054, in __call__
    await super().__call__(scope, receive, send)
  File "/home/nbhansen/.local/lib/python3.13/site-packages/starlette/applications.py", line 112, in __call__
    await self.middleware_stack(scope, receive, send)
  File "/home/nbhansen/.local/lib/python3.13/site-packages/starlette/middleware/errors.py", line 187, in __call__
    raise exc
  File "/home/nbhansen/.local/lib/python3.13/site-packages/starlette/middleware/errors.py", line 165, in __call__
    await self.app(scope, receive, _send)
  File "/home/nbhansen/.local/lib/python3.13/site-packages/starlette/middleware/cors.py", line 85, in __call__
    await self.app(scope, receive, send)
  File "/home/nbhansen/.local/lib/python3.13/site-packages/starlette/middleware/exceptions.py", line 62, in __call__
    await wrap_app_handling_exceptions(self.app, conn)(scope, receive, send)
  File "/home/nbhansen/.local/lib/python3.13/site-packages/starlette/_exception_handler.py", line 53, in wrapped_app
    raise exc
  File "/home/nbhansen/.local/lib/python3.13/site-packages/starlette/_exception_handler.py", line 42, in wrapped_app
    await app(scope, receive, sender)
  File "/home/nbhansen/.local/lib/python3.13/site-packages/starlette/routing.py", line 714, in __call__
    await self.middleware_stack(scope, receive, send)
  File "/home/nbhansen/.local/lib/python3.13/site-packages/starlette/routing.py", line 734, in app
    await route.handle(scope, receive, send)
  File "/home/nbhansen/.local/lib/python3.13/site-packages/starlette/routing.py", line 288, in handle
    await self.app(scope, receive, send)
  File "/home/nbhansen/.local/lib/python3.13/site-packages/starlette/routing.py", line 76, in app
    await wrap_app_handling_exceptions(app, request)(scope, receive, send)
  File "/home/nbhansen/.local/lib/python3.13/site-packages/starlette/_exception_handler.py", line 53, in wrapped_app
    raise exc
  File "/home/nbhansen/.local/lib/python3.13/site-packages/starlette/_exception_handler.py", line 42, in wrapped_app
    await app(scope, receive, sender)
  File "/home/nbhansen/.local/lib/python3.13/site-packages/starlette/routing.py", line 73, in app
    response = await f(request)
               ^^^^^^^^^^^^^^^^
  File "/home/nbhansen/.local/lib/python3.13/site-packages/fastapi/routing.py", line 301, in app
    raw_response = await run_endpoint_function(
                   ^^^^^^^^^^^^^^^^^^^^^^^^^^^^
    ...<3 lines>...
    )
    ^
  File "/home/nbhansen/.local/lib/python3.13/site-packages/fastapi/routing.py", line 212, in run_endpoint_function
    return await dependant.call(**values)
           ^^^^^^^^^^^^^^^^^^^^^^^^^^^^^^
  File "/home/nbhansen/dev/hcibrain/packages/backend/src/hci_extractor/web/routes/extract.py", line 495, in extract_pdf_markup
    logger.info(f"üîç EXTRACT DEBUG - PDF extracted: {len(pdf_content.full_text)} chars")
    ^^^^^^
NameError: name 'logger' is not defined
WARNING:  StatReload detected changes in 'src/hci_extractor/web/routes/extract.py'. Reloading...
WARNING:  StatReload detected changes in 'src/hci_extractor/web/routes/extract.py'. Reloading...
INFO:     Shutting down
ERROR:    Error loading ASGI app. Could not import module "hci_extractor.web.main".
INFO:     Waiting for application shutdown.
INFO:     Application shutdown complete.
INFO:     Finished server process [123215]
INFO:     Started server process [123363]
INFO:     Waiting for application startup.
INFO:     Application startup complete.
Gemini API error for markup generation
Traceback (most recent call last):
  File "/home/nbhansen/dev/hcibrain/packages/backend/src/hci_extractor/providers/gemini_provider.py", line 232, in _make_markup_api_request
    if not response.text:
           ^^^^^^^^^^^^^
  File "/home/nbhansen/.local/lib/python3.13/site-packages/google/generativeai/types/generation_types.py", line 481, in text
    raise ValueError(msg)
ValueError: Invalid operation: The `response.text` quick accessor requires the response to contain a valid `Part`, but none were returned. The candidate's [finish_reason](https://ai.google.dev/api/generate-content#finishreason) is 2.

During handling of the above exception, another exception occurred:

Traceback (most recent call last):
  File "/home/nbhansen/dev/hcibrain/packages/backend/src/hci_extractor/providers/gemini_provider.py", line 204, in generate_markup
    response = await self._make_markup_api_request(prompt)
               ^^^^^^^^^^^^^^^^^^^^^^^^^^^^^^^^^^^^^^^^^^^
  File "/home/nbhansen/dev/hcibrain/packages/backend/src/hci_extractor/providers/gemini_provider.py", line 250, in _make_markup_api_request
    raise GeminiApiError()
hci_extractor.core.models.exceptions.GeminiApiError: Gemini API error
INFO:     127.0.0.1:56614 - "POST /api/v1/extract/markup HTTP/1.1" 500 Internal Server Error
WARNING:  StatReload detected changes in 'debug_markup.py'. Reloading...
WARNING:  StatReload detected changes in 'debug_markup.py'. Reloading...
ERROR:    Error loading ASGI app. Could not import module "hci_extractor.web.main".
INFO:     Shutting down
INFO:     Waiting for application shutdown.
INFO:     Application shutdown complete.
INFO:     Finished server process [123363]
INFO:     Started server process [123907]
INFO:     Waiting for application startup.
INFO:     Application startup complete.
WARNING:  StatReload detected changes in 'debug_markup.py'. Reloading...
INFO:     Shutting down
INFO:     Waiting for application shutdown.
INFO:     Application shutdown complete.
INFO:     Finished server process [123907]
WARNING:  StatReload detected changes in 'debug_markup.py'. Reloading...
ERROR:    Error loading ASGI app. Could not import module "hci_extractor.web.main".
INFO:     Started server process [124050]
INFO:     Waiting for application startup.
INFO:     Application startup complete.
WARNING:  StatReload detected changes in 'debug_markup.py'. Reloading...
ERROR:    Error loading ASGI app. Could not import module "hci_extractor.web.main".
WARNING:  StatReload detected changes in 'debug_markup.py'. Reloading...
INFO:     Shutting down
INFO:     Waiting for application shutdown.
INFO:     Application shutdown complete.
INFO:     Finished server process [124050]
INFO:     Started server process [124187]
INFO:     Waiting for application startup.
INFO:     Application startup complete.
WARNING:  StatReload detected changes in 'debug_markup.py'. Reloading...
ERROR:    Error loading ASGI app. Could not import module "hci_extractor.web.main".
WARNING:  StatReload detected changes in 'debug_markup.py'. Reloading...
INFO:     Shutting down
INFO:     Waiting for application shutdown.
INFO:     Application shutdown complete.
INFO:     Finished server process [124187]
INFO:     Started server process [124189]
INFO:     Waiting for application startup.
INFO:     Application startup complete.
INFO:     127.0.0.1:40516 - "POST /api/v1/extract/markup HTTP/1.1" 200 OK
WARNING:  StatReload detected changes in 'src/hci_extractor/providers/gemini_provider.py'. Reloading...
INFO:     Shutting down
INFO:     Waiting for application shutdown.
INFO:     Application shutdown complete.
INFO:     Finished server process [124189]
WARNING:  StatReload detected changes in 'src/hci_extractor/providers/gemini_provider.py'. Reloading...
ERROR:    Error loading ASGI app. Could not import module "hci_extractor.web.main".
INFO:     Started server process [127219]
INFO:     Waiting for application startup.
INFO:     Application startup complete.
WARNING:  StatReload detected changes in 'src/hci_extractor/providers/gemini_provider.py'. Reloading...
INFO:     Shutting down
INFO:     Waiting for application shutdown.
INFO:     Application shutdown complete.
INFO:     Finished server process [127219]
WARNING:  StatReload detected changes in 'src/hci_extractor/providers/gemini_provider.py'. Reloading...
ERROR:    Error loading ASGI app. Could not import module "hci_extractor.web.main".
INFO:     Started server process [127377]
INFO:     Waiting for application startup.
INFO:     Application startup complete.
WARNING:  StatReload detected changes in 'debug_markup.py'. Reloading...
ERROR:    Error loading ASGI app. Could not import module "hci_extractor.web.main".
WARNING:  StatReload detected changes in 'debug_markup.py'. Reloading...
INFO:     Shutting down
INFO:     Waiting for application shutdown.
INFO:     Application shutdown complete.
INFO:     Finished server process [127377]
INFO:     Started server process [127389]
INFO:     Waiting for application startup.
INFO:     Application startup complete.
INFO:     Stopping reloader process [122071]
INFO:     Shutting down
INFO:     Waiting for connections to close. (CTRL+C to force quit)
INFO:     127.0.0.1:57408 - "POST /api/v1/extract/markup HTTP/1.1" 200 OK
INFO:     Waiting for application shutdown.
INFO:     Application shutdown complete.
INFO:     Finished server process [127389]
INFO:     Stopping reloader process [122467]
